<html>
<body>
<pre>
<h1>礦ision Build Log</h1>
<h2>Tool Versions:</h2>
IDE-Version: μVision V5.24.2.0
Copyright (C) 2017 ARM Ltd and ARM Germany GmbH. All rights reserved.
License Information:  AAA administractor Cheng, UESTC, LIC=585FJ-UB4B4-TG27T-REZSI-WFZ8W-PSI25
 
Tool Versions:
Toolchain:       MDK-ARM Plus  Version: 5.24.1
Toolchain Path:  C:\Keil_v5\ARM\ARMCC\Bin
C Compiler:      Armcc.exe V5.06 update 5 (build 528)
Assembler:       Armasm.exe V5.06 update 5 (build 528)
Linker/Locator:  ArmLink.exe V5.06 update 5 (build 528)
Library Manager: ArmAr.exe V5.06 update 5 (build 528)
Hex Converter:   FromElf.exe V5.06 update 5 (build 528)
CPU DLL:         SARM.DLL V5.24.1
Dialog DLL:      DARMSS9.DLL V1.9.0.0
Target DLL:      UL2ARM.DLL V1.74.10.0
Dialog DLL:      TARMSS9.DLL V1.8.0.0
 
<h2>Project:</h2>
C:\Users\administractor Cheng\Desktop\ARM作业\ARM实验\EXP1\E1.uvproj
Project File Date:  04/08/2025

<h2>Output:</h2>
*** Using Compiler 'V5.06 update 5 (build 528)', folder: 'C:\Keil_v5\ARM\ARMCC\Bin'
Rebuild target 'Target 1'
assembling MYTEST.s...
linking...
Program Size: Code=56 RO-data=0 RW-data=0 ZI-data=0  
".\Objects\E1.axf" - 0 Error(s), 0 Warning(s).
Build Time Elapsed:  00:00:00
</pre>
</body>
</html>
